MPLINK 4.15, Linker
Linker Map File - Created Thu Dec 13 20:09:05 2007

                                 Section Info
                  Section       Type    Address   Location Size(Bytes)
                ---------  ---------  ---------  ---------  ---------
               _entry_scn       code   0x000000    program   0x000006
  _RESET_INTERRUPT_VECTOR       code   0x000800    program   0x000006
   _HIGH_INTERRUPT_VECTOR       code   0x000808    program   0x000006
           low_isr_vector       code   0x000818    program   0x000006
                   .cinit    romdata   0x00082a    program   0x000002
             .code_usb9.o       code   0x00082c    program   0x000308
       .code_usbctrltrf.o       code   0x000b34    program   0x0002fa
              .code_hid.o       code   0x000e2e    program   0x000222
                    .code       code   0x001050    program   0x0001d4
             .code_user.o       code   0x001224    program   0x0001a0
           .code_usbdrv.o       code   0x0013c4    program   0x000186
        .romdata_usbdsc.o    romdata   0x00154a    program   0x0000e0
               _cinit_scn       code   0x00162a    program   0x00009e
             .code_main.o       code   0x0016c8    program   0x000032
             _startup_scn       code   0x0016fa    program   0x00001c
           .code___init.o       code   0x001716    program   0x000002
        .idata___init.o_i    romdata   0x001718    program   0x000000
          .romdata_user.o    romdata   0x001718    program   0x000000
          .idata_user.o_i    romdata   0x001718    program   0x000000
           .romdata_hid.o    romdata   0x001718    program   0x000000
           .idata_hid.o_i    romdata   0x001718    program   0x000000
        .romdata___init.o    romdata   0x001718    program   0x000000
    .romdata_usbctrltrf.o    romdata   0x001718    program   0x000000
    .idata_usbctrltrf.o_i    romdata   0x001718    program   0x000000
           .code_usbdsc.o       code   0x001718    program   0x000000
        .idata_usbdsc.o_i    romdata   0x001718    program   0x000000
          .romdata_usb9.o    romdata   0x001718    program   0x000000
          .idata_usb9.o_i    romdata   0x001718    program   0x000000
        .romdata_usbdrv.o    romdata   0x001718    program   0x000000
        .idata_usbdrv.o_i    romdata   0x001718    program   0x000000
          .code_usbmmap.o       code   0x001718    program   0x000000
       .romdata_usbmmap.o    romdata   0x001718    program   0x000000
       .idata_usbmmap.o_i    romdata   0x001718    program   0x000000
          .romdata_main.o    romdata   0x001718    program   0x000000
          .idata_main.o_i    romdata   0x001718    program   0x000000
            .code_c018i.o       code   0x001718    program   0x000000
         .romdata_c018i.o    romdata   0x001718    program   0x000000
         .idata_c018i.o_i    romdata   0x001718    program   0x000000
                MATH_DATA      udata   0x000000       data   0x000002
                 .tmpdata      udata   0x000002       data   0x000002
            .udata_user.o      udata   0x000060       data   0x00008a
           .udata_c018i.o      udata   0x0000ea       data   0x00000a
      .udata_usbctrltrf.o      udata   0x0000f4       data   0x000008
         .udata_usbmmap.o      udata   0x0000fc       data   0x000004
             .udata_hid.o      udata   0x000100       data   0x000003
          .udata_usbdrv.o      udata   0x000103       data   0x000002
                   .udata      udata   0x000105       data   0x000001
          .idata___init.o      idata   0x000106       data   0x000000
          .udata___init.o      udata   0x000106       data   0x000000
            .idata_user.o      idata   0x000106       data   0x000000
             .idata_hid.o      idata   0x000106       data   0x000000
      .idata_usbctrltrf.o      idata   0x000106       data   0x000000
          .idata_usbdsc.o      idata   0x000106       data   0x000000
          .udata_usbdsc.o      udata   0x000106       data   0x000000
            .idata_usb9.o      idata   0x000106       data   0x000000
            .udata_usb9.o      udata   0x000106       data   0x000000
          .idata_usbdrv.o      idata   0x000106       data   0x000000
         .idata_usbmmap.o      idata   0x000106       data   0x000000
            .idata_main.o      idata   0x000106       data   0x000000
            .udata_main.o      udata   0x000106       data   0x000000
           .idata_c018i.o      idata   0x000106       data   0x000000
                   .stack      udata   0x000300       data   0x000100
                  usbram4      udata   0x000400       data   0x0000a0
            SFR_UNBANKED0      udata   0x000f66       data   0x00009a



                              Program Memory Usage 
                               Start         End      
                           ---------   ---------      
                            0x000000    0x000005      
                            0x000800    0x000805      
                            0x000808    0x00080d      
                            0x000818    0x00081d      
                            0x00082a    0x001717      
            3846 out of 33048 program addresses used, program memory utilization is 11%



                              Symbols - Sorted by Name
                     Name    Address   Location    Storage File                     
                ---------  ---------  ---------  --------- ---------                
                     Bit0   0x001144    program     static C:\Luz\usb-interface\Dmx\user\dmxfunc.asm
                     Bit1   0x001158    program     static C:\Luz\usb-interface\Dmx\user\dmxfunc.asm
                     Bit2   0x00116c    program     static C:\Luz\usb-interface\Dmx\user\dmxfunc.asm
                     Bit3   0x001180    program     static C:\Luz\usb-interface\Dmx\user\dmxfunc.asm
                     Bit4   0x001194    program     static C:\Luz\usb-interface\Dmx\user\dmxfunc.asm
                     Bit5   0x0011a8    program     static C:\Luz\usb-interface\Dmx\user\dmxfunc.asm
                     Bit6   0x0011bc    program     static C:\Luz\usb-interface\Dmx\user\dmxfunc.asm
                     Bit7   0x0011d0    program     static C:\Luz\usb-interface\Dmx\user\dmxfunc.asm
          ClassReqHandler   0x001628    program     extern C:\Luz\usb-interface\Dmx\autofiles\usbdsc.c
               ClearArray   0x001520    program     extern C:\Luz\usb-interface\Dmx\system\usb\usbdrv\usbdrv.c
                ClearBit0   0x001154    program     static C:\Luz\usb-interface\Dmx\user\dmxfunc.asm
                ClearBit1   0x001168    program     static C:\Luz\usb-interface\Dmx\user\dmxfunc.asm
                ClearBit2   0x00117c    program     static C:\Luz\usb-interface\Dmx\user\dmxfunc.asm
                ClearBit3   0x001190    program     static C:\Luz\usb-interface\Dmx\user\dmxfunc.asm
                ClearBit4   0x0011a4    program     static C:\Luz\usb-interface\Dmx\user\dmxfunc.asm
                ClearBit5   0x0011b8    program     static C:\Luz\usb-interface\Dmx\user\dmxfunc.asm
                ClearBit6   0x0011cc    program     static C:\Luz\usb-interface\Dmx\user\dmxfunc.asm
                ClearBit7   0x0011e0    program     static C:\Luz\usb-interface\Dmx\user\dmxfunc.asm
                    Count   0x00120a    program     static C:\Luz\usb-interface\Dmx\user\dmxfunc.asm
                    Delay   0x001206    program     static C:\Luz\usb-interface\Dmx\user\dmxfunc.asm
                 DelaySup   0x001210    program     static C:\Luz\usb-interface\Dmx\user\dmxfunc.asm
      HIDGetReportHandler   0x000f2e    program     extern C:\Luz\usb-interface\Dmx\system\usb\class\hid\hid.c
                HIDInitEP   0x000f32    program     extern C:\Luz\usb-interface\Dmx\system\usb\class\hid\hid.c
              HIDRxReport   0x000fd0    program     extern C:\Luz\usb-interface\Dmx\system\usb\class\hid\hid.c
      HIDSetReportHandler   0x000f30    program     extern C:\Luz\usb-interface\Dmx\system\usb\class\hid\hid.c
              HIDTxReport   0x000f5c    program     extern C:\Luz\usb-interface\Dmx\system\usb\class\hid\hid.c
         InitializeSystem   0x0016d4    program     static C:\Luz\usb-interface\Dmx\main.c
         InterruptHandler   0x001224    program     extern C:\Luz\usb-interface\Dmx\user\user.c
                ProcessIO   0x0012ae    program     extern C:\Luz\usb-interface\Dmx\user\user.c
           ProcessUSBData   0x0012fa    program     extern C:\Luz\usb-interface\Dmx\user\user.c
             SendDMXTrame   0x0012c8    program     extern C:\Luz\usb-interface\Dmx\user\user.c
                  SetBit0   0x00114e    program     static C:\Luz\usb-interface\Dmx\user\dmxfunc.asm
                  SetBit1   0x001162    program     static C:\Luz\usb-interface\Dmx\user\dmxfunc.asm
                  SetBit2   0x001176    program     static C:\Luz\usb-interface\Dmx\user\dmxfunc.asm
                  SetBit3   0x00118a    program     static C:\Luz\usb-interface\Dmx\user\dmxfunc.asm
                  SetBit4   0x00119e    program     static C:\Luz\usb-interface\Dmx\user\dmxfunc.asm
                  SetBit5   0x0011b2    program     static C:\Luz\usb-interface\Dmx\user\dmxfunc.asm
                  SetBit6   0x0011c6    program     static C:\Luz\usb-interface\Dmx\user\dmxfunc.asm
                  SetBit7   0x0011da    program     static C:\Luz\usb-interface\Dmx\user\dmxfunc.asm
                  StopBit   0x0011e4    program     static C:\Luz\usb-interface\Dmx\user\dmxfunc.asm
        USBCheckBusStatus   0x0013c4    program     extern C:\Luz\usb-interface\Dmx\system\usb\usbdrv\usbdrv.c
       USBCheckHIDRequest   0x000e2e    program     extern C:\Luz\usb-interface\Dmx\system\usb\class\hid\hid.c
       USBCheckStdRequest   0x00082c    program     extern C:\Luz\usb-interface\Dmx\system\usb\usb9\usb9.c
         USBCtrlEPService   0x000b34    program     extern C:\Luz\usb-interface\Dmx\system\usb\usbctrltrf\usbctrltrf.c
 USBCtrlEPServiceComplete   0x000d86    program     extern C:\Luz\usb-interface\Dmx\system\usb\usbctrltrf\usbctrltrf.c
      USBCtrlTrfInHandler   0x000bf6    program     extern C:\Luz\usb-interface\Dmx\system\usb\usbctrltrf\usbctrltrf.c
     USBCtrlTrfOutHandler   0x000bd6    program     extern C:\Luz\usb-interface\Dmx\system\usb\usbctrltrf\usbctrltrf.c
      USBCtrlTrfRxService   0x000d0c    program     extern C:\Luz\usb-interface\Dmx\system\usb\usbctrltrf\usbctrltrf.c
   USBCtrlTrfSetupHandler   0x000b6a    program     extern C:\Luz\usb-interface\Dmx\system\usb\usbctrltrf\usbctrltrf.c
      USBCtrlTrfTxService   0x000c30    program     extern C:\Luz\usb-interface\Dmx\system\usb\usbctrltrf\usbctrltrf.c
         USBDriverService   0x001402    program     extern C:\Luz\usb-interface\Dmx\system\usb\usbdrv\usbdrv.c
          USBErrorHandler   0x0014d8    program     extern C:\Luz\usb-interface\Dmx\system\usb\usbdrv\usbdrv.c
         USBModuleDisable   0x0013f4    program     extern C:\Luz\usb-interface\Dmx\system\usb\usbdrv\usbdrv.c
          USBModuleEnable   0x0013e6    program     extern C:\Luz\usb-interface\Dmx\system\usb\usbdrv\usbdrv.c
USBPrepareForNextSetupTrf   0x000e12    program     extern C:\Luz\usb-interface\Dmx\system\usb\usbctrltrf\usbctrltrf.c
  USBProtocolResetHandler   0x0014dc    program     extern C:\Luz\usb-interface\Dmx\system\usb\usbdrv\usbdrv.c
          USBRemoteWakeup   0x0014a2    program     extern C:\Luz\usb-interface\Dmx\system\usb\usbdrv\usbdrv.c
            USBSoftDetach   0x0013fe    program     extern C:\Luz\usb-interface\Dmx\system\usb\usbdrv\usbdrv.c
          USBStallHandler   0x0014ca    program     extern C:\Luz\usb-interface\Dmx\system\usb\usbdrv\usbdrv.c
  USBStdFeatureReqHandler   0x000a92    program     extern C:\Luz\usb-interface\Dmx\system\usb\usb9\usb9.c
      USBStdGetDscHandler   0x0008ee    program     extern C:\Luz\usb-interface\Dmx\system\usb\usb9\usb9.c
   USBStdGetStatusHandler   0x0009f6    program     extern C:\Luz\usb-interface\Dmx\system\usb\usb9\usb9.c
      USBStdSetCfgHandler   0x0009a6    program     extern C:\Luz\usb-interface\Dmx\system\usb\usb9\usb9.c
               USBSuspend   0x001480    program     extern C:\Luz\usb-interface\Dmx\system\usb\usbdrv\usbdrv.c
                 USBTasks   0x0016ec    program     extern C:\Luz\usb-interface\Dmx\main.c
       USBWakeFromSuspend   0x00149a    program     extern C:\Luz\usb-interface\Dmx\system\usb\usbdrv\usbdrv.c
               USB_CD_Ptr   0x00161e    program     extern C:\Luz\usb-interface\Dmx\autofiles\usbdsc.c
               USB_SD_Ptr   0x001622    program     extern C:\Luz\usb-interface\Dmx\autofiles\usbdsc.c
          USB_SOF_Handler   0x0014c6    program     extern C:\Luz\usb-interface\Dmx\system\usb\usbdrv\usbdrv.c
                 UserInit   0x001266    program     extern C:\Luz\usb-interface\Dmx\user\user.c
           ___if_lbl00029   0x001494    program     static                          
       ___return_lbl00000   0x000804    program     static                          
       ___return_lbl00000   0x000004    program     static                          
       ___return_lbl00001   0x00080c    program     static                          
       ___return_lbl00001   0x001714    program     static                          
       ___return_lbl00002   0x00081c    program     static                          
       ___return_lbl00002   0x0016c6    program     static                          
       ___return_lbl00028   0x001498    program     static                          
       ___return_lbl00043   0x001542    program     static                          
        ___while_lbl00044   0x001534    program     static                          
        ___while_lbl00045   0x001542    program     static                          
                   __init   0x001716    program     extern C:\MCC18\src\traditional\stdclib\__init.c
            __zero_memory   0x001216    program     extern C:\MCC18\src\traditional\proc\p18f2550.asm
                _do_cinit   0x00162a    program     extern C:\MCC18\src\traditional\startup\c018i.c
                   _entry   0x000000    program     extern C:\MCC18\src\traditional\startup\c018i.c
                _high_ISR   0x000808    program     extern C:\Luz\usb-interface\Dmx\main.c
                   _reset   0x000800    program     extern C:\Luz\usb-interface\Dmx\main.c
                 _startup   0x0016fa    program     extern C:\MCC18\src\traditional\startup\c018i.c
                    cfg01   0x00155c    program     extern C:\Luz\usb-interface\Dmx\autofiles\usbdsc.c
               clear_loop   0x00121c    program     static C:\MCC18\src\traditional\proc\p18f2550.asm
                copy_loop   0x00169c    program     static                          
            copy_one_byte   0x0016a2    program     static                          
               device_dsc   0x00154a    program     extern C:\Luz\usb-interface\Dmx\autofiles\usbdsc.c
                     done   0x0016c6    program     static                          
             done_copying   0x0016b0    program     static                          
                hid_rpt01   0x0015ef    program     extern C:\Luz\usb-interface\Dmx\autofiles\usbdsc.c
                     loop   0x00170a    program     static                          
               low_vector   0x000818    program     extern C:\Luz\usb-interface\Dmx\main.c
                     main   0x0016c8    program     extern C:\Luz\usb-interface\Dmx\main.c
                    sd000   0x001585    program     extern C:\Luz\usb-interface\Dmx\autofiles\usbdsc.c
                    sd001   0x001589    program     extern C:\Luz\usb-interface\Dmx\autofiles\usbdsc.c
                    sd002   0x0015bf    program     extern C:\Luz\usb-interface\Dmx\autofiles\usbdsc.c
                send_byte   0x00113e    program     extern C:\Luz\usb-interface\Dmx\user\dmxfunc.asm
          send_init_trame   0x001050    program     extern C:\Luz\usb-interface\Dmx\user\dmxfunc.asm
                     test   0x001644    program     static                          
                   ADCON0   0x000fc2       data     extern C:\MCC18\src\traditional\proc\p18f2550.asm
               ADCON0bits   0x000fc2       data     extern C:\MCC18\src\traditional\proc\p18f2550.asm
                   ADCON1   0x000fc1       data     extern C:\MCC18\src\traditional\proc\p18f2550.asm
               ADCON1bits   0x000fc1       data     extern C:\MCC18\src\traditional\proc\p18f2550.asm
                   ADCON2   0x000fc0       data     extern C:\MCC18\src\traditional\proc\p18f2550.asm
               ADCON2bits   0x000fc0       data     extern C:\MCC18\src\traditional\proc\p18f2550.asm
                    ADRES   0x000fc3       data     extern C:\MCC18\src\traditional\proc\p18f2550.asm
                   ADRESH   0x000fc4       data     extern C:\MCC18\src\traditional\proc\p18f2550.asm
                   ADRESL   0x000fc3       data     extern C:\MCC18\src\traditional\proc\p18f2550.asm
                  BAUDCON   0x000fb8       data     extern C:\MCC18\src\traditional\proc\p18f2550.asm
              BAUDCONbits   0x000fb8       data     extern C:\MCC18\src\traditional\proc\p18f2550.asm
                      BSR   0x000fe0       data     extern C:\MCC18\src\traditional\proc\p18f2550.asm
                   CCP1AS   0x000fb6       data     extern C:\MCC18\src\traditional\proc\p18f2550.asm
               CCP1ASbits   0x000fb6       data     extern C:\MCC18\src\traditional\proc\p18f2550.asm
                  CCP1CON   0x000fbd       data     extern C:\MCC18\src\traditional\proc\p18f2550.asm
              CCP1CONbits   0x000fbd       data     extern C:\MCC18\src\traditional\proc\p18f2550.asm
                  CCP1DEL   0x000fb7       data     extern C:\MCC18\src\traditional\proc\p18f2550.asm
              CCP1DELbits   0x000fb7       data     extern C:\MCC18\src\traditional\proc\p18f2550.asm
                  CCP2CON   0x000fba       data     extern C:\MCC18\src\traditional\proc\p18f2550.asm
              CCP2CONbits   0x000fba       data     extern C:\MCC18\src\traditional\proc\p18f2550.asm
                    CCPR1   0x000fbe       data     extern C:\MCC18\src\traditional\proc\p18f2550.asm
                   CCPR1H   0x000fbf       data     extern C:\MCC18\src\traditional\proc\p18f2550.asm
                   CCPR1L   0x000fbe       data     extern C:\MCC18\src\traditional\proc\p18f2550.asm
                    CCPR2   0x000fbb       data     extern C:\MCC18\src\traditional\proc\p18f2550.asm
                   CCPR2H   0x000fbc       data     extern C:\MCC18\src\traditional\proc\p18f2550.asm
                   CCPR2L   0x000fbb       data     extern C:\MCC18\src\traditional\proc\p18f2550.asm
                    CMCON   0x000fb4       data     extern C:\MCC18\src\traditional\proc\p18f2550.asm
                CMCONbits   0x000fb4       data     extern C:\MCC18\src\traditional\proc\p18f2550.asm
                   CVRCON   0x000fb5       data     extern C:\MCC18\src\traditional\proc\p18f2550.asm
               CVRCONbits   0x000fb5       data     extern C:\MCC18\src\traditional\proc\p18f2550.asm
              CtrlTrfData   0x000418       data     extern C:\Luz\usb-interface\Dmx\system\usb\usbmmap.c
                     DDRA   0x000f92       data     extern C:\MCC18\src\traditional\proc\p18f2550.asm
                 DDRAbits   0x000f92       data     extern C:\MCC18\src\traditional\proc\p18f2550.asm
                     DDRB   0x000f93       data     extern C:\MCC18\src\traditional\proc\p18f2550.asm
                 DDRBbits   0x000f93       data     extern C:\MCC18\src\traditional\proc\p18f2550.asm
                     DDRC   0x000f94       data     extern C:\MCC18\src\traditional\proc\p18f2550.asm
                 DDRCbits   0x000f94       data     extern C:\MCC18\src\traditional\proc\p18f2550.asm
                  ECCP1AS   0x000fb6       data     extern C:\MCC18\src\traditional\proc\p18f2550.asm
              ECCP1ASbits   0x000fb6       data     extern C:\MCC18\src\traditional\proc\p18f2550.asm
                 ECCP1DEL   0x000fb7       data     extern C:\MCC18\src\traditional\proc\p18f2550.asm
             ECCP1DELbits   0x000fb7       data     extern C:\MCC18\src\traditional\proc\p18f2550.asm
                    EEADR   0x000fa9       data     extern C:\MCC18\src\traditional\proc\p18f2550.asm
                   EECON1   0x000fa6       data     extern C:\MCC18\src\traditional\proc\p18f2550.asm
               EECON1bits   0x000fa6       data     extern C:\MCC18\src\traditional\proc\p18f2550.asm
                   EECON2   0x000fa7       data     extern C:\MCC18\src\traditional\proc\p18f2550.asm
                   EEDATA   0x000fa8       data     extern C:\MCC18\src\traditional\proc\p18f2550.asm
                     FSR0   0x000fe9       data     extern C:\MCC18\src\traditional\proc\p18f2550.asm
                    FSR0H   0x000fea       data     extern C:\MCC18\src\traditional\proc\p18f2550.asm
                    FSR0L   0x000fe9       data     extern C:\MCC18\src\traditional\proc\p18f2550.asm
                     FSR1   0x000fe1       data     extern C:\MCC18\src\traditional\proc\p18f2550.asm
                    FSR1H   0x000fe2       data     extern C:\MCC18\src\traditional\proc\p18f2550.asm
                    FSR1L   0x000fe1       data     extern C:\MCC18\src\traditional\proc\p18f2550.asm
                     FSR2   0x000fd9       data     extern C:\MCC18\src\traditional\proc\p18f2550.asm
                    FSR2H   0x000fda       data     extern C:\MCC18\src\traditional\proc\p18f2550.asm
                    FSR2L   0x000fd9       data     extern C:\MCC18\src\traditional\proc\p18f2550.asm
                  HLVDCON   0x000fd2       data     extern C:\MCC18\src\traditional\proc\p18f2550.asm
              HLVDCONbits   0x000fd2       data     extern C:\MCC18\src\traditional\proc\p18f2550.asm
                    INDF0   0x000fef       data     extern C:\MCC18\src\traditional\proc\p18f2550.asm
                    INDF1   0x000fe7       data     extern C:\MCC18\src\traditional\proc\p18f2550.asm
                    INDF2   0x000fdf       data     extern C:\MCC18\src\traditional\proc\p18f2550.asm
                   INTCON   0x000ff2       data     extern C:\MCC18\src\traditional\proc\p18f2550.asm
                  INTCON2   0x000ff1       data     extern C:\MCC18\src\traditional\proc\p18f2550.asm
              INTCON2bits   0x000ff1       data     extern C:\MCC18\src\traditional\proc\p18f2550.asm
                  INTCON3   0x000ff0       data     extern C:\MCC18\src\traditional\proc\p18f2550.asm
              INTCON3bits   0x000ff0       data     extern C:\MCC18\src\traditional\proc\p18f2550.asm
               INTCONbits   0x000ff2       data     extern C:\MCC18\src\traditional\proc\p18f2550.asm
                     IPR1   0x000f9f       data     extern C:\MCC18\src\traditional\proc\p18f2550.asm
                 IPR1bits   0x000f9f       data     extern C:\MCC18\src\traditional\proc\p18f2550.asm
                     IPR2   0x000fa2       data     extern C:\MCC18\src\traditional\proc\p18f2550.asm
                 IPR2bits   0x000fa2       data     extern C:\MCC18\src\traditional\proc\p18f2550.asm
                     LATA   0x000f89       data     extern C:\MCC18\src\traditional\proc\p18f2550.asm
                 LATAbits   0x000f89       data     extern C:\MCC18\src\traditional\proc\p18f2550.asm
                     LATB   0x000f8a       data     extern C:\MCC18\src\traditional\proc\p18f2550.asm
                 LATBbits   0x000f8a       data     extern C:\MCC18\src\traditional\proc\p18f2550.asm
                     LATC   0x000f8b       data     extern C:\MCC18\src\traditional\proc\p18f2550.asm
                 LATCbits   0x000f8b       data     extern C:\MCC18\src\traditional\proc\p18f2550.asm
                   LVDCON   0x000fd2       data     extern C:\MCC18\src\traditional\proc\p18f2550.asm
               LVDCONbits   0x000fd2       data     extern C:\MCC18\src\traditional\proc\p18f2550.asm
                   OSCCON   0x000fd3       data     extern C:\MCC18\src\traditional\proc\p18f2550.asm
               OSCCONbits   0x000fd3       data     extern C:\MCC18\src\traditional\proc\p18f2550.asm
                  OSCTUNE   0x000f9b       data     extern C:\MCC18\src\traditional\proc\p18f2550.asm
              OSCTUNEbits   0x000f9b       data     extern C:\MCC18\src\traditional\proc\p18f2550.asm
                       PC   0x000ff9       data     extern C:\MCC18\src\traditional\proc\p18f2550.asm
                      PCL   0x000ff9       data     extern C:\MCC18\src\traditional\proc\p18f2550.asm
                   PCLATH   0x000ffa       data     extern C:\MCC18\src\traditional\proc\p18f2550.asm
                   PCLATU   0x000ffb       data     extern C:\MCC18\src\traditional\proc\p18f2550.asm
                     PIE1   0x000f9d       data     extern C:\MCC18\src\traditional\proc\p18f2550.asm
                 PIE1bits   0x000f9d       data     extern C:\MCC18\src\traditional\proc\p18f2550.asm
                     PIE2   0x000fa0       data     extern C:\MCC18\src\traditional\proc\p18f2550.asm
                 PIE2bits   0x000fa0       data     extern C:\MCC18\src\traditional\proc\p18f2550.asm
                     PIR1   0x000f9e       data     extern C:\MCC18\src\traditional\proc\p18f2550.asm
                 PIR1bits   0x000f9e       data     extern C:\MCC18\src\traditional\proc\p18f2550.asm
                     PIR2   0x000fa1       data     extern C:\MCC18\src\traditional\proc\p18f2550.asm
                 PIR2bits   0x000fa1       data     extern C:\MCC18\src\traditional\proc\p18f2550.asm
                   PLUSW0   0x000feb       data     extern C:\MCC18\src\traditional\proc\p18f2550.asm
                   PLUSW1   0x000fe3       data     extern C:\MCC18\src\traditional\proc\p18f2550.asm
                   PLUSW2   0x000fdb       data     extern C:\MCC18\src\traditional\proc\p18f2550.asm
                    PORTA   0x000f80       data     extern C:\MCC18\src\traditional\proc\p18f2550.asm
                PORTAbits   0x000f80       data     extern C:\MCC18\src\traditional\proc\p18f2550.asm
                    PORTB   0x000f81       data     extern C:\MCC18\src\traditional\proc\p18f2550.asm
                PORTBbits   0x000f81       data     extern C:\MCC18\src\traditional\proc\p18f2550.asm
                    PORTC   0x000f82       data     extern C:\MCC18\src\traditional\proc\p18f2550.asm
                PORTCbits   0x000f82       data     extern C:\MCC18\src\traditional\proc\p18f2550.asm
                    PORTE   0x000f84       data     extern C:\MCC18\src\traditional\proc\p18f2550.asm
                PORTEbits   0x000f84       data     extern C:\MCC18\src\traditional\proc\p18f2550.asm
                 POSTDEC0   0x000fed       data     extern C:\MCC18\src\traditional\proc\p18f2550.asm
                 POSTDEC1   0x000fe5       data     extern C:\MCC18\src\traditional\proc\p18f2550.asm
                 POSTDEC2   0x000fdd       data     extern C:\MCC18\src\traditional\proc\p18f2550.asm
                 POSTINC0   0x000fee       data     extern C:\MCC18\src\traditional\proc\p18f2550.asm
                 POSTINC1   0x000fe6       data     extern C:\MCC18\src\traditional\proc\p18f2550.asm
                 POSTINC2   0x000fde       data     extern C:\MCC18\src\traditional\proc\p18f2550.asm
                      PR2   0x000fcb       data     extern C:\MCC18\src\traditional\proc\p18f2550.asm
                  PREINC0   0x000fec       data     extern C:\MCC18\src\traditional\proc\p18f2550.asm
                  PREINC1   0x000fe4       data     extern C:\MCC18\src\traditional\proc\p18f2550.asm
                  PREINC2   0x000fdc       data     extern C:\MCC18\src\traditional\proc\p18f2550.asm
                     PROD   0x000ff3       data     extern C:\MCC18\src\traditional\proc\p18f2550.asm
                    PRODH   0x000ff4       data     extern C:\MCC18\src\traditional\proc\p18f2550.asm
                    PRODL   0x000ff3       data     extern C:\MCC18\src\traditional\proc\p18f2550.asm
                     RCON   0x000fd0       data     extern C:\MCC18\src\traditional\proc\p18f2550.asm
                 RCONbits   0x000fd0       data     extern C:\MCC18\src\traditional\proc\p18f2550.asm
                    RCREG   0x000fae       data     extern C:\MCC18\src\traditional\proc\p18f2550.asm
                    RCSTA   0x000fab       data     extern C:\MCC18\src\traditional\proc\p18f2550.asm
                RCSTAbits   0x000fab       data     extern C:\MCC18\src\traditional\proc\p18f2550.asm
                     SIGN   0x000000       data     extern C:\MCC18\src\traditional\math\cmath18.asm
                    SPBRG   0x000faf       data     extern C:\MCC18\src\traditional\proc\p18f2550.asm
                   SPBRGH   0x000fb0       data     extern C:\MCC18\src\traditional\proc\p18f2550.asm
                   SSPADD   0x000fc8       data     extern C:\MCC18\src\traditional\proc\p18f2550.asm
                   SSPBUF   0x000fc9       data     extern C:\MCC18\src\traditional\proc\p18f2550.asm
                  SSPCON1   0x000fc6       data     extern C:\MCC18\src\traditional\proc\p18f2550.asm
              SSPCON1bits   0x000fc6       data     extern C:\MCC18\src\traditional\proc\p18f2550.asm
                  SSPCON2   0x000fc5       data     extern C:\MCC18\src\traditional\proc\p18f2550.asm
              SSPCON2bits   0x000fc5       data     extern C:\MCC18\src\traditional\proc\p18f2550.asm
                  SSPSTAT   0x000fc7       data     extern C:\MCC18\src\traditional\proc\p18f2550.asm
              SSPSTATbits   0x000fc7       data     extern C:\MCC18\src\traditional\proc\p18f2550.asm
                   STATUS   0x000fd8       data     extern C:\MCC18\src\traditional\proc\p18f2550.asm
               STATUSbits   0x000fd8       data     extern C:\MCC18\src\traditional\proc\p18f2550.asm
                   STKPTR   0x000ffc       data     extern C:\MCC18\src\traditional\proc\p18f2550.asm
               STKPTRbits   0x000ffc       data     extern C:\MCC18\src\traditional\proc\p18f2550.asm
                 SetupPkt   0x000410       data     extern C:\Luz\usb-interface\Dmx\system\usb\usbmmap.c
                    T0CON   0x000fd5       data     extern C:\MCC18\src\traditional\proc\p18f2550.asm
                T0CONbits   0x000fd5       data     extern C:\MCC18\src\traditional\proc\p18f2550.asm
                    T1CON   0x000fcd       data     extern C:\MCC18\src\traditional\proc\p18f2550.asm
                T1CONbits   0x000fcd       data     extern C:\MCC18\src\traditional\proc\p18f2550.asm
                    T2CON   0x000fca       data     extern C:\MCC18\src\traditional\proc\p18f2550.asm
                T2CONbits   0x000fca       data     extern C:\MCC18\src\traditional\proc\p18f2550.asm
                    T3CON   0x000fb1       data     extern C:\MCC18\src\traditional\proc\p18f2550.asm
                T3CONbits   0x000fb1       data     extern C:\MCC18\src\traditional\proc\p18f2550.asm
                   TABLAT   0x000ff5       data     extern C:\MCC18\src\traditional\proc\p18f2550.asm
                   TBLPTR   0x000ff6       data     extern C:\MCC18\src\traditional\proc\p18f2550.asm
                  TBLPTRH   0x000ff7       data     extern C:\MCC18\src\traditional\proc\p18f2550.asm
                  TBLPTRL   0x000ff6       data     extern C:\MCC18\src\traditional\proc\p18f2550.asm
                  TBLPTRU   0x000ff8       data     extern C:\MCC18\src\traditional\proc\p18f2550.asm
                    TMR0H   0x000fd7       data     extern C:\MCC18\src\traditional\proc\p18f2550.asm
                    TMR0L   0x000fd6       data     extern C:\MCC18\src\traditional\proc\p18f2550.asm
                    TMR1H   0x000fcf       data     extern C:\MCC18\src\traditional\proc\p18f2550.asm
                    TMR1L   0x000fce       data     extern C:\MCC18\src\traditional\proc\p18f2550.asm
                     TMR2   0x000fcc       data     extern C:\MCC18\src\traditional\proc\p18f2550.asm
                    TMR3H   0x000fb3       data     extern C:\MCC18\src\traditional\proc\p18f2550.asm
                    TMR3L   0x000fb2       data     extern C:\MCC18\src\traditional\proc\p18f2550.asm
                      TOS   0x000ffd       data     extern C:\MCC18\src\traditional\proc\p18f2550.asm
                     TOSH   0x000ffe       data     extern C:\MCC18\src\traditional\proc\p18f2550.asm
                     TOSL   0x000ffd       data     extern C:\MCC18\src\traditional\proc\p18f2550.asm
                     TOSU   0x000fff       data     extern C:\MCC18\src\traditional\proc\p18f2550.asm
                    TRISA   0x000f92       data     extern C:\MCC18\src\traditional\proc\p18f2550.asm
                TRISAbits   0x000f92       data     extern C:\MCC18\src\traditional\proc\p18f2550.asm
                    TRISB   0x000f93       data     extern C:\MCC18\src\traditional\proc\p18f2550.asm
                TRISBbits   0x000f93       data     extern C:\MCC18\src\traditional\proc\p18f2550.asm
                    TRISC   0x000f94       data     extern C:\MCC18\src\traditional\proc\p18f2550.asm
                TRISCbits   0x000f94       data     extern C:\MCC18\src\traditional\proc\p18f2550.asm
                    TXREG   0x000fad       data     extern C:\MCC18\src\traditional\proc\p18f2550.asm
                    TXSTA   0x000fac       data     extern C:\MCC18\src\traditional\proc\p18f2550.asm
                TXSTAbits   0x000fac       data     extern C:\MCC18\src\traditional\proc\p18f2550.asm
                    UADDR   0x000f6e       data     extern C:\MCC18\src\traditional\proc\p18f2550.asm
                UADDRbits   0x000f6e       data     extern C:\MCC18\src\traditional\proc\p18f2550.asm
                     UCFG   0x000f6f       data     extern C:\MCC18\src\traditional\proc\p18f2550.asm
                 UCFGbits   0x000f6f       data     extern C:\MCC18\src\traditional\proc\p18f2550.asm
                     UCON   0x000f6d       data     extern C:\MCC18\src\traditional\proc\p18f2550.asm
                 UCONbits   0x000f6d       data     extern C:\MCC18\src\traditional\proc\p18f2550.asm
                     UEIE   0x000f6b       data     extern C:\MCC18\src\traditional\proc\p18f2550.asm
                 UEIEbits   0x000f6b       data     extern C:\MCC18\src\traditional\proc\p18f2550.asm
                     UEIR   0x000f6a       data     extern C:\MCC18\src\traditional\proc\p18f2550.asm
                 UEIRbits   0x000f6a       data     extern C:\MCC18\src\traditional\proc\p18f2550.asm
                     UEP0   0x000f70       data     extern C:\MCC18\src\traditional\proc\p18f2550.asm
                 UEP0bits   0x000f70       data     extern C:\MCC18\src\traditional\proc\p18f2550.asm
                     UEP1   0x000f71       data     extern C:\MCC18\src\traditional\proc\p18f2550.asm
                    UEP10   0x000f7a       data     extern C:\MCC18\src\traditional\proc\p18f2550.asm
                UEP10bits   0x000f7a       data     extern C:\MCC18\src\traditional\proc\p18f2550.asm
                    UEP11   0x000f7b       data     extern C:\MCC18\src\traditional\proc\p18f2550.asm
                UEP11bits   0x000f7b       data     extern C:\MCC18\src\traditional\proc\p18f2550.asm
                    UEP12   0x000f7c       data     extern C:\MCC18\src\traditional\proc\p18f2550.asm
                UEP12bits   0x000f7c       data     extern C:\MCC18\src\traditional\proc\p18f2550.asm
                    UEP13   0x000f7d       data     extern C:\MCC18\src\traditional\proc\p18f2550.asm
                UEP13bits   0x000f7d       data     extern C:\MCC18\src\traditional\proc\p18f2550.asm
                    UEP14   0x000f7e       data     extern C:\MCC18\src\traditional\proc\p18f2550.asm
                UEP14bits   0x000f7e       data     extern C:\MCC18\src\traditional\proc\p18f2550.asm
                    UEP15   0x000f7f       data     extern C:\MCC18\src\traditional\proc\p18f2550.asm
                UEP15bits   0x000f7f       data     extern C:\MCC18\src\traditional\proc\p18f2550.asm
                 UEP1bits   0x000f71       data     extern C:\MCC18\src\traditional\proc\p18f2550.asm
                     UEP2   0x000f72       data     extern C:\MCC18\src\traditional\proc\p18f2550.asm
                 UEP2bits   0x000f72       data     extern C:\MCC18\src\traditional\proc\p18f2550.asm
                     UEP3   0x000f73       data     extern C:\MCC18\src\traditional\proc\p18f2550.asm
                 UEP3bits   0x000f73       data     extern C:\MCC18\src\traditional\proc\p18f2550.asm
                     UEP4   0x000f74       data     extern C:\MCC18\src\traditional\proc\p18f2550.asm
                 UEP4bits   0x000f74       data     extern C:\MCC18\src\traditional\proc\p18f2550.asm
                     UEP5   0x000f75       data     extern C:\MCC18\src\traditional\proc\p18f2550.asm
                 UEP5bits   0x000f75       data     extern C:\MCC18\src\traditional\proc\p18f2550.asm
                     UEP6   0x000f76       data     extern C:\MCC18\src\traditional\proc\p18f2550.asm
                 UEP6bits   0x000f76       data     extern C:\MCC18\src\traditional\proc\p18f2550.asm
                     UEP7   0x000f77       data     extern C:\MCC18\src\traditional\proc\p18f2550.asm
                 UEP7bits   0x000f77       data     extern C:\MCC18\src\traditional\proc\p18f2550.asm
                     UEP8   0x000f78       data     extern C:\MCC18\src\traditional\proc\p18f2550.asm
                 UEP8bits   0x000f78       data     extern C:\MCC18\src\traditional\proc\p18f2550.asm
                     UEP9   0x000f79       data     extern C:\MCC18\src\traditional\proc\p18f2550.asm
                 UEP9bits   0x000f79       data     extern C:\MCC18\src\traditional\proc\p18f2550.asm
                     UFRM   0x000f66       data     extern C:\MCC18\src\traditional\proc\p18f2550.asm
                    UFRMH   0x000f67       data     extern C:\MCC18\src\traditional\proc\p18f2550.asm
                UFRMHbits   0x000f67       data     extern C:\MCC18\src\traditional\proc\p18f2550.asm
                    UFRML   0x000f66       data     extern C:\MCC18\src\traditional\proc\p18f2550.asm
                UFRMLbits   0x000f66       data     extern C:\MCC18\src\traditional\proc\p18f2550.asm
                      UIE   0x000f69       data     extern C:\MCC18\src\traditional\proc\p18f2550.asm
                  UIEbits   0x000f69       data     extern C:\MCC18\src\traditional\proc\p18f2550.asm
                      UIR   0x000f68       data     extern C:\MCC18\src\traditional\proc\p18f2550.asm
                  UIRbits   0x000f68       data     extern C:\MCC18\src\traditional\proc\p18f2550.asm
                    USTAT   0x000f6c       data     extern C:\MCC18\src\traditional\proc\p18f2550.asm
                USTATbits   0x000f6c       data     extern C:\MCC18\src\traditional\proc\p18f2550.asm
                   WDTCON   0x000fd1       data     extern C:\MCC18\src\traditional\proc\p18f2550.asm
               WDTCONbits   0x000fd1       data     extern C:\MCC18\src\traditional\proc\p18f2550.asm
                     WREG   0x000fe8       data     extern C:\MCC18\src\traditional\proc\p18f2550.asm
                __FPFLAGS   0x000001       data     extern C:\MCC18\src\traditional\math\cmath18.asm
            __FPFLAGSbits   0x000001       data     extern C:\MCC18\src\traditional\math\cmath18.asm
                  __tmp_0   0x000002       data     static C:\Luz\usb-interface\Dmx\user\user.c
                  __tmp_0   0x000002       data     static C:\Luz\usb-interface\Dmx\system\usb\usbctrltrf\usbctrltrf.c
                  __tmp_0   0x000002       data     static C:\Luz\usb-interface\Dmx\system\usb\class\hid\hid.c
                  __tmp_0   0x000002       data     static C:\Luz\usb-interface\Dmx\system\usb\usb9\usb9.c
          active_protocol   0x000101       data     extern C:\Luz\usb-interface\Dmx\system\usb\class\hid\hid.c
                     coun   0x000105       data     static C:\Luz\usb-interface\Dmx\user\dmxfunc.asm
   ctrl_trf_session_owner   0x0000f5       data     extern C:\Luz\usb-interface\Dmx\system\usb\usbctrltrf\usbctrltrf.c
           ctrl_trf_state   0x0000f4       data     extern C:\Luz\usb-interface\Dmx\system\usb\usbctrltrf\usbctrltrf.c
                curr_byte   0x0000ed       data     static C:\MCC18\src\traditional\startup\c018i.c
               curr_entry   0x0000ef       data     static C:\MCC18\src\traditional\startup\c018i.c
                 data_ptr   0x0000f1       data     static C:\MCC18\src\traditional\startup\c018i.c
               data_ready   0x000067       data     extern C:\Luz\usb-interface\Dmx\user\user.c
              delay_count   0x000103       data     static C:\Luz\usb-interface\Dmx\system\usb\usbdrv\usbdrv.c
                      dmx   0x0000a8       data     extern C:\Luz\usb-interface\Dmx\user\user.c
                 dmx_byte   0x000063       data     extern C:\Luz\usb-interface\Dmx\user\user.c
                    ep0Bi   0x000404       data     extern C:\Luz\usb-interface\Dmx\system\usb\usbmmap.c
                    ep0Bo   0x000400       data     extern C:\Luz\usb-interface\Dmx\system\usb\usbmmap.c
                    ep1Bi   0x00040c       data     extern C:\Luz\usb-interface\Dmx\system\usb\usbmmap.c
                    ep1Bo   0x000408       data     extern C:\Luz\usb-interface\Dmx\system\usb\usbmmap.c
            hid_report_in   0x000460       data     extern C:\Luz\usb-interface\Dmx\system\usb\usbmmap.c
           hid_report_out   0x000420       data     extern C:\Luz\usb-interface\Dmx\system\usb\usbmmap.c
           hid_rpt_rx_len   0x000102       data     extern C:\Luz\usb-interface\Dmx\system\usb\class\hid\hid.c
                        i   0x000060       data     extern C:\Luz\usb-interface\Dmx\user\user.c
                idle_rate   0x000100       data     extern C:\Luz\usb-interface\Dmx\system\usb\class\hid\hid.c
             input_buffer   0x000068       data     extern C:\Luz\usb-interface\Dmx\user\user.c
             input_enable   0x000061       data     extern C:\Luz\usb-interface\Dmx\user\user.c
                 isrcount   0x0000e8       data     extern C:\Luz\usb-interface\Dmx\user\user.c
                  ledflag   0x0000e9       data     extern C:\Luz\usb-interface\Dmx\user\user.c
                 max_chan   0x000062       data     extern C:\Luz\usb-interface\Dmx\user\user.c
                     pDst   0x0000f8       data     extern C:\Luz\usb-interface\Dmx\system\usb\usbctrltrf\usbctrltrf.c
                     pSrc   0x0000f6       data     extern C:\Luz\usb-interface\Dmx\system\usb\usbctrltrf\usbctrltrf.c
                     prom   0x0000ea       data     static C:\MCC18\src\traditional\startup\c018i.c
               send_count   0x000064       data     extern C:\Luz\usb-interface\Dmx\user\user.c
                    start   0x000065       data     extern C:\Luz\usb-interface\Dmx\user\user.c
                     stop   0x000066       data     extern C:\Luz\usb-interface\Dmx\user\user.c
           usb_active_cfg   0x0000fe       data     extern C:\Luz\usb-interface\Dmx\system\usb\usbmmap.c
             usb_alt_intf   0x0000ff       data     extern C:\Luz\usb-interface\Dmx\system\usb\usbmmap.c
         usb_device_state   0x0000fc       data     extern C:\Luz\usb-interface\Dmx\system\usb\usbmmap.c
                 usb_stat   0x0000fd       data     extern C:\Luz\usb-interface\Dmx\system\usb\usbmmap.c
                   wCount   0x0000fa       data     extern C:\Luz\usb-interface\Dmx\system\usb\usbctrltrf\usbctrltrf.c



                              Symbols - Sorted by Address
                     Name    Address   Location    Storage File                     
                ---------  ---------  ---------  --------- ---------                
                   _entry   0x000000    program     extern C:\MCC18\src\traditional\startup\c018i.c
       ___return_lbl00000   0x000004    program     static                          
                   _reset   0x000800    program     extern C:\Luz\usb-interface\Dmx\main.c
       ___return_lbl00000   0x000804    program     static                          
                _high_ISR   0x000808    program     extern C:\Luz\usb-interface\Dmx\main.c
       ___return_lbl00001   0x00080c    program     static                          
               low_vector   0x000818    program     extern C:\Luz\usb-interface\Dmx\main.c
       ___return_lbl00002   0x00081c    program     static                          
       USBCheckStdRequest   0x00082c    program     extern C:\Luz\usb-interface\Dmx\system\usb\usb9\usb9.c
      USBStdGetDscHandler   0x0008ee    program     extern C:\Luz\usb-interface\Dmx\system\usb\usb9\usb9.c
      USBStdSetCfgHandler   0x0009a6    program     extern C:\Luz\usb-interface\Dmx\system\usb\usb9\usb9.c
   USBStdGetStatusHandler   0x0009f6    program     extern C:\Luz\usb-interface\Dmx\system\usb\usb9\usb9.c
  USBStdFeatureReqHandler   0x000a92    program     extern C:\Luz\usb-interface\Dmx\system\usb\usb9\usb9.c
         USBCtrlEPService   0x000b34    program     extern C:\Luz\usb-interface\Dmx\system\usb\usbctrltrf\usbctrltrf.c
   USBCtrlTrfSetupHandler   0x000b6a    program     extern C:\Luz\usb-interface\Dmx\system\usb\usbctrltrf\usbctrltrf.c
     USBCtrlTrfOutHandler   0x000bd6    program     extern C:\Luz\usb-interface\Dmx\system\usb\usbctrltrf\usbctrltrf.c
      USBCtrlTrfInHandler   0x000bf6    program     extern C:\Luz\usb-interface\Dmx\system\usb\usbctrltrf\usbctrltrf.c
      USBCtrlTrfTxService   0x000c30    program     extern C:\Luz\usb-interface\Dmx\system\usb\usbctrltrf\usbctrltrf.c
      USBCtrlTrfRxService   0x000d0c    program     extern C:\Luz\usb-interface\Dmx\system\usb\usbctrltrf\usbctrltrf.c
 USBCtrlEPServiceComplete   0x000d86    program     extern C:\Luz\usb-interface\Dmx\system\usb\usbctrltrf\usbctrltrf.c
USBPrepareForNextSetupTrf   0x000e12    program     extern C:\Luz\usb-interface\Dmx\system\usb\usbctrltrf\usbctrltrf.c
       USBCheckHIDRequest   0x000e2e    program     extern C:\Luz\usb-interface\Dmx\system\usb\class\hid\hid.c
      HIDGetReportHandler   0x000f2e    program     extern C:\Luz\usb-interface\Dmx\system\usb\class\hid\hid.c
      HIDSetReportHandler   0x000f30    program     extern C:\Luz\usb-interface\Dmx\system\usb\class\hid\hid.c
                HIDInitEP   0x000f32    program     extern C:\Luz\usb-interface\Dmx\system\usb\class\hid\hid.c
              HIDTxReport   0x000f5c    program     extern C:\Luz\usb-interface\Dmx\system\usb\class\hid\hid.c
              HIDRxReport   0x000fd0    program     extern C:\Luz\usb-interface\Dmx\system\usb\class\hid\hid.c
          send_init_trame   0x001050    program     extern C:\Luz\usb-interface\Dmx\user\dmxfunc.asm
                send_byte   0x00113e    program     extern C:\Luz\usb-interface\Dmx\user\dmxfunc.asm
                     Bit0   0x001144    program     static C:\Luz\usb-interface\Dmx\user\dmxfunc.asm
                  SetBit0   0x00114e    program     static C:\Luz\usb-interface\Dmx\user\dmxfunc.asm
                ClearBit0   0x001154    program     static C:\Luz\usb-interface\Dmx\user\dmxfunc.asm
                     Bit1   0x001158    program     static C:\Luz\usb-interface\Dmx\user\dmxfunc.asm
                  SetBit1   0x001162    program     static C:\Luz\usb-interface\Dmx\user\dmxfunc.asm
                ClearBit1   0x001168    program     static C:\Luz\usb-interface\Dmx\user\dmxfunc.asm
                     Bit2   0x00116c    program     static C:\Luz\usb-interface\Dmx\user\dmxfunc.asm
                  SetBit2   0x001176    program     static C:\Luz\usb-interface\Dmx\user\dmxfunc.asm
                ClearBit2   0x00117c    program     static C:\Luz\usb-interface\Dmx\user\dmxfunc.asm
                     Bit3   0x001180    program     static C:\Luz\usb-interface\Dmx\user\dmxfunc.asm
                  SetBit3   0x00118a    program     static C:\Luz\usb-interface\Dmx\user\dmxfunc.asm
                ClearBit3   0x001190    program     static C:\Luz\usb-interface\Dmx\user\dmxfunc.asm
                     Bit4   0x001194    program     static C:\Luz\usb-interface\Dmx\user\dmxfunc.asm
                  SetBit4   0x00119e    program     static C:\Luz\usb-interface\Dmx\user\dmxfunc.asm
                ClearBit4   0x0011a4    program     static C:\Luz\usb-interface\Dmx\user\dmxfunc.asm
                     Bit5   0x0011a8    program     static C:\Luz\usb-interface\Dmx\user\dmxfunc.asm
                  SetBit5   0x0011b2    program     static C:\Luz\usb-interface\Dmx\user\dmxfunc.asm
                ClearBit5   0x0011b8    program     static C:\Luz\usb-interface\Dmx\user\dmxfunc.asm
                     Bit6   0x0011bc    program     static C:\Luz\usb-interface\Dmx\user\dmxfunc.asm
                  SetBit6   0x0011c6    program     static C:\Luz\usb-interface\Dmx\user\dmxfunc.asm
                ClearBit6   0x0011cc    program     static C:\Luz\usb-interface\Dmx\user\dmxfunc.asm
                     Bit7   0x0011d0    program     static C:\Luz\usb-interface\Dmx\user\dmxfunc.asm
                  SetBit7   0x0011da    program     static C:\Luz\usb-interface\Dmx\user\dmxfunc.asm
                ClearBit7   0x0011e0    program     static C:\Luz\usb-interface\Dmx\user\dmxfunc.asm
                  StopBit   0x0011e4    program     static C:\Luz\usb-interface\Dmx\user\dmxfunc.asm
                    Delay   0x001206    program     static C:\Luz\usb-interface\Dmx\user\dmxfunc.asm
                    Count   0x00120a    program     static C:\Luz\usb-interface\Dmx\user\dmxfunc.asm
                 DelaySup   0x001210    program     static C:\Luz\usb-interface\Dmx\user\dmxfunc.asm
            __zero_memory   0x001216    program     extern C:\MCC18\src\traditional\proc\p18f2550.asm
               clear_loop   0x00121c    program     static C:\MCC18\src\traditional\proc\p18f2550.asm
         InterruptHandler   0x001224    program     extern C:\Luz\usb-interface\Dmx\user\user.c
                 UserInit   0x001266    program     extern C:\Luz\usb-interface\Dmx\user\user.c
                ProcessIO   0x0012ae    program     extern C:\Luz\usb-interface\Dmx\user\user.c
             SendDMXTrame   0x0012c8    program     extern C:\Luz\usb-interface\Dmx\user\user.c
           ProcessUSBData   0x0012fa    program     extern C:\Luz\usb-interface\Dmx\user\user.c
        USBCheckBusStatus   0x0013c4    program     extern C:\Luz\usb-interface\Dmx\system\usb\usbdrv\usbdrv.c
          USBModuleEnable   0x0013e6    program     extern C:\Luz\usb-interface\Dmx\system\usb\usbdrv\usbdrv.c
         USBModuleDisable   0x0013f4    program     extern C:\Luz\usb-interface\Dmx\system\usb\usbdrv\usbdrv.c
            USBSoftDetach   0x0013fe    program     extern C:\Luz\usb-interface\Dmx\system\usb\usbdrv\usbdrv.c
         USBDriverService   0x001402    program     extern C:\Luz\usb-interface\Dmx\system\usb\usbdrv\usbdrv.c
               USBSuspend   0x001480    program     extern C:\Luz\usb-interface\Dmx\system\usb\usbdrv\usbdrv.c
           ___if_lbl00029   0x001494    program     static                          
       ___return_lbl00028   0x001498    program     static                          
       USBWakeFromSuspend   0x00149a    program     extern C:\Luz\usb-interface\Dmx\system\usb\usbdrv\usbdrv.c
          USBRemoteWakeup   0x0014a2    program     extern C:\Luz\usb-interface\Dmx\system\usb\usbdrv\usbdrv.c
          USB_SOF_Handler   0x0014c6    program     extern C:\Luz\usb-interface\Dmx\system\usb\usbdrv\usbdrv.c
          USBStallHandler   0x0014ca    program     extern C:\Luz\usb-interface\Dmx\system\usb\usbdrv\usbdrv.c
          USBErrorHandler   0x0014d8    program     extern C:\Luz\usb-interface\Dmx\system\usb\usbdrv\usbdrv.c
  USBProtocolResetHandler   0x0014dc    program     extern C:\Luz\usb-interface\Dmx\system\usb\usbdrv\usbdrv.c
               ClearArray   0x001520    program     extern C:\Luz\usb-interface\Dmx\system\usb\usbdrv\usbdrv.c
        ___while_lbl00044   0x001534    program     static                          
       ___return_lbl00043   0x001542    program     static                          
        ___while_lbl00045   0x001542    program     static                          
               device_dsc   0x00154a    program     extern C:\Luz\usb-interface\Dmx\autofiles\usbdsc.c
                    cfg01   0x00155c    program     extern C:\Luz\usb-interface\Dmx\autofiles\usbdsc.c
                    sd000   0x001585    program     extern C:\Luz\usb-interface\Dmx\autofiles\usbdsc.c
                    sd001   0x001589    program     extern C:\Luz\usb-interface\Dmx\autofiles\usbdsc.c
                    sd002   0x0015bf    program     extern C:\Luz\usb-interface\Dmx\autofiles\usbdsc.c
                hid_rpt01   0x0015ef    program     extern C:\Luz\usb-interface\Dmx\autofiles\usbdsc.c
               USB_CD_Ptr   0x00161e    program     extern C:\Luz\usb-interface\Dmx\autofiles\usbdsc.c
               USB_SD_Ptr   0x001622    program     extern C:\Luz\usb-interface\Dmx\autofiles\usbdsc.c
          ClassReqHandler   0x001628    program     extern C:\Luz\usb-interface\Dmx\autofiles\usbdsc.c
                _do_cinit   0x00162a    program     extern C:\MCC18\src\traditional\startup\c018i.c
                     test   0x001644    program     static                          
                copy_loop   0x00169c    program     static                          
            copy_one_byte   0x0016a2    program     static                          
             done_copying   0x0016b0    program     static                          
                     done   0x0016c6    program     static                          
       ___return_lbl00002   0x0016c6    program     static                          
                     main   0x0016c8    program     extern C:\Luz\usb-interface\Dmx\main.c
         InitializeSystem   0x0016d4    program     static C:\Luz\usb-interface\Dmx\main.c
                 USBTasks   0x0016ec    program     extern C:\Luz\usb-interface\Dmx\main.c
                 _startup   0x0016fa    program     extern C:\MCC18\src\traditional\startup\c018i.c
                     loop   0x00170a    program     static                          
       ___return_lbl00001   0x001714    program     static                          
                   __init   0x001716    program     extern C:\MCC18\src\traditional\stdclib\__init.c
                     SIGN   0x000000       data     extern C:\MCC18\src\traditional\math\cmath18.asm
                __FPFLAGS   0x000001       data     extern C:\MCC18\src\traditional\math\cmath18.asm
            __FPFLAGSbits   0x000001       data     extern C:\MCC18\src\traditional\math\cmath18.asm
                  __tmp_0   0x000002       data     static C:\Luz\usb-interface\Dmx\system\usb\usb9\usb9.c
                  __tmp_0   0x000002       data     static C:\Luz\usb-interface\Dmx\system\usb\class\hid\hid.c
                  __tmp_0   0x000002       data     static C:\Luz\usb-interface\Dmx\system\usb\usbctrltrf\usbctrltrf.c
                  __tmp_0   0x000002       data     static C:\Luz\usb-interface\Dmx\user\user.c
                        i   0x000060       data     extern C:\Luz\usb-interface\Dmx\user\user.c
             input_enable   0x000061       data     extern C:\Luz\usb-interface\Dmx\user\user.c
                 max_chan   0x000062       data     extern C:\Luz\usb-interface\Dmx\user\user.c
                 dmx_byte   0x000063       data     extern C:\Luz\usb-interface\Dmx\user\user.c
               send_count   0x000064       data     extern C:\Luz\usb-interface\Dmx\user\user.c
                    start   0x000065       data     extern C:\Luz\usb-interface\Dmx\user\user.c
                     stop   0x000066       data     extern C:\Luz\usb-interface\Dmx\user\user.c
               data_ready   0x000067       data     extern C:\Luz\usb-interface\Dmx\user\user.c
             input_buffer   0x000068       data     extern C:\Luz\usb-interface\Dmx\user\user.c
                      dmx   0x0000a8       data     extern C:\Luz\usb-interface\Dmx\user\user.c
                 isrcount   0x0000e8       data     extern C:\Luz\usb-interface\Dmx\user\user.c
                  ledflag   0x0000e9       data     extern C:\Luz\usb-interface\Dmx\user\user.c
                     prom   0x0000ea       data     static C:\MCC18\src\traditional\startup\c018i.c
                curr_byte   0x0000ed       data     static C:\MCC18\src\traditional\startup\c018i.c
               curr_entry   0x0000ef       data     static C:\MCC18\src\traditional\startup\c018i.c
                 data_ptr   0x0000f1       data     static C:\MCC18\src\traditional\startup\c018i.c
           ctrl_trf_state   0x0000f4       data     extern C:\Luz\usb-interface\Dmx\system\usb\usbctrltrf\usbctrltrf.c
   ctrl_trf_session_owner   0x0000f5       data     extern C:\Luz\usb-interface\Dmx\system\usb\usbctrltrf\usbctrltrf.c
                     pSrc   0x0000f6       data     extern C:\Luz\usb-interface\Dmx\system\usb\usbctrltrf\usbctrltrf.c
                     pDst   0x0000f8       data     extern C:\Luz\usb-interface\Dmx\system\usb\usbctrltrf\usbctrltrf.c
                   wCount   0x0000fa       data     extern C:\Luz\usb-interface\Dmx\system\usb\usbctrltrf\usbctrltrf.c
         usb_device_state   0x0000fc       data     extern C:\Luz\usb-interface\Dmx\system\usb\usbmmap.c
                 usb_stat   0x0000fd       data     extern C:\Luz\usb-interface\Dmx\system\usb\usbmmap.c
           usb_active_cfg   0x0000fe       data     extern C:\Luz\usb-interface\Dmx\system\usb\usbmmap.c
             usb_alt_intf   0x0000ff       data     extern C:\Luz\usb-interface\Dmx\system\usb\usbmmap.c
                idle_rate   0x000100       data     extern C:\Luz\usb-interface\Dmx\system\usb\class\hid\hid.c
          active_protocol   0x000101       data     extern C:\Luz\usb-interface\Dmx\system\usb\class\hid\hid.c
           hid_rpt_rx_len   0x000102       data     extern C:\Luz\usb-interface\Dmx\system\usb\class\hid\hid.c
              delay_count   0x000103       data     static C:\Luz\usb-interface\Dmx\system\usb\usbdrv\usbdrv.c
                     coun   0x000105       data     static C:\Luz\usb-interface\Dmx\user\dmxfunc.asm
                    ep0Bo   0x000400       data     extern C:\Luz\usb-interface\Dmx\system\usb\usbmmap.c
                    ep0Bi   0x000404       data     extern C:\Luz\usb-interface\Dmx\system\usb\usbmmap.c
                    ep1Bo   0x000408       data     extern C:\Luz\usb-interface\Dmx\system\usb\usbmmap.c
                    ep1Bi   0x00040c       data     extern C:\Luz\usb-interface\Dmx\system\usb\usbmmap.c
                 SetupPkt   0x000410       data     extern C:\Luz\usb-interface\Dmx\system\usb\usbmmap.c
              CtrlTrfData   0x000418       data     extern C:\Luz\usb-interface\Dmx\system\usb\usbmmap.c
           hid_report_out   0x000420       data     extern C:\Luz\usb-interface\Dmx\system\usb\usbmmap.c
            hid_report_in   0x000460       data     extern C:\Luz\usb-interface\Dmx\system\usb\usbmmap.c
                     UFRM   0x000f66       data     extern C:\MCC18\src\traditional\proc\p18f2550.asm
                UFRMLbits   0x000f66       data     extern C:\MCC18\src\traditional\proc\p18f2550.asm
                    UFRML   0x000f66       data     extern C:\MCC18\src\traditional\proc\p18f2550.asm
                UFRMHbits   0x000f67       data     extern C:\MCC18\src\traditional\proc\p18f2550.asm
                    UFRMH   0x000f67       data     extern C:\MCC18\src\traditional\proc\p18f2550.asm
                  UIRbits   0x000f68       data     extern C:\MCC18\src\traditional\proc\p18f2550.asm
                      UIR   0x000f68       data     extern C:\MCC18\src\traditional\proc\p18f2550.asm
                      UIE   0x000f69       data     extern C:\MCC18\src\traditional\proc\p18f2550.asm
                  UIEbits   0x000f69       data     extern C:\MCC18\src\traditional\proc\p18f2550.asm
                     UEIR   0x000f6a       data     extern C:\MCC18\src\traditional\proc\p18f2550.asm
                 UEIRbits   0x000f6a       data     extern C:\MCC18\src\traditional\proc\p18f2550.asm
                 UEIEbits   0x000f6b       data     extern C:\MCC18\src\traditional\proc\p18f2550.asm
                     UEIE   0x000f6b       data     extern C:\MCC18\src\traditional\proc\p18f2550.asm
                    USTAT   0x000f6c       data     extern C:\MCC18\src\traditional\proc\p18f2550.asm
                USTATbits   0x000f6c       data     extern C:\MCC18\src\traditional\proc\p18f2550.asm
                 UCONbits   0x000f6d       data     extern C:\MCC18\src\traditional\proc\p18f2550.asm
                     UCON   0x000f6d       data     extern C:\MCC18\src\traditional\proc\p18f2550.asm
                UADDRbits   0x000f6e       data     extern C:\MCC18\src\traditional\proc\p18f2550.asm
                    UADDR   0x000f6e       data     extern C:\MCC18\src\traditional\proc\p18f2550.asm
                     UCFG   0x000f6f       data     extern C:\MCC18\src\traditional\proc\p18f2550.asm
                 UCFGbits   0x000f6f       data     extern C:\MCC18\src\traditional\proc\p18f2550.asm
                     UEP0   0x000f70       data     extern C:\MCC18\src\traditional\proc\p18f2550.asm
                 UEP0bits   0x000f70       data     extern C:\MCC18\src\traditional\proc\p18f2550.asm
                     UEP1   0x000f71       data     extern C:\MCC18\src\traditional\proc\p18f2550.asm
                 UEP1bits   0x000f71       data     extern C:\MCC18\src\traditional\proc\p18f2550.asm
                 UEP2bits   0x000f72       data     extern C:\MCC18\src\traditional\proc\p18f2550.asm
                     UEP2   0x000f72       data     extern C:\MCC18\src\traditional\proc\p18f2550.asm
                 UEP3bits   0x000f73       data     extern C:\MCC18\src\traditional\proc\p18f2550.asm
                     UEP3   0x000f73       data     extern C:\MCC18\src\traditional\proc\p18f2550.asm
                 UEP4bits   0x000f74       data     extern C:\MCC18\src\traditional\proc\p18f2550.asm
                     UEP4   0x000f74       data     extern C:\MCC18\src\traditional\proc\p18f2550.asm
                 UEP5bits   0x000f75       data     extern C:\MCC18\src\traditional\proc\p18f2550.asm
                     UEP5   0x000f75       data     extern C:\MCC18\src\traditional\proc\p18f2550.asm
                 UEP6bits   0x000f76       data     extern C:\MCC18\src\traditional\proc\p18f2550.asm
                     UEP6   0x000f76       data     extern C:\MCC18\src\traditional\proc\p18f2550.asm
                 UEP7bits   0x000f77       data     extern C:\MCC18\src\traditional\proc\p18f2550.asm
                     UEP7   0x000f77       data     extern C:\MCC18\src\traditional\proc\p18f2550.asm
                     UEP8   0x000f78       data     extern C:\MCC18\src\traditional\proc\p18f2550.asm
                 UEP8bits   0x000f78       data     extern C:\MCC18\src\traditional\proc\p18f2550.asm
                     UEP9   0x000f79       data     extern C:\MCC18\src\traditional\proc\p18f2550.asm
                 UEP9bits   0x000f79       data     extern C:\MCC18\src\traditional\proc\p18f2550.asm
                    UEP10   0x000f7a       data     extern C:\MCC18\src\traditional\proc\p18f2550.asm
                UEP10bits   0x000f7a       data     extern C:\MCC18\src\traditional\proc\p18f2550.asm
                    UEP11   0x000f7b       data     extern C:\MCC18\src\traditional\proc\p18f2550.asm
                UEP11bits   0x000f7b       data     extern C:\MCC18\src\traditional\proc\p18f2550.asm
                UEP12bits   0x000f7c       data     extern C:\MCC18\src\traditional\proc\p18f2550.asm
                    UEP12   0x000f7c       data     extern C:\MCC18\src\traditional\proc\p18f2550.asm
                    UEP13   0x000f7d       data     extern C:\MCC18\src\traditional\proc\p18f2550.asm
                UEP13bits   0x000f7d       data     extern C:\MCC18\src\traditional\proc\p18f2550.asm
                    UEP14   0x000f7e       data     extern C:\MCC18\src\traditional\proc\p18f2550.asm
                UEP14bits   0x000f7e       data     extern C:\MCC18\src\traditional\proc\p18f2550.asm
                UEP15bits   0x000f7f       data     extern C:\MCC18\src\traditional\proc\p18f2550.asm
                    UEP15   0x000f7f       data     extern C:\MCC18\src\traditional\proc\p18f2550.asm
                    PORTA   0x000f80       data     extern C:\MCC18\src\traditional\proc\p18f2550.asm
                PORTAbits   0x000f80       data     extern C:\MCC18\src\traditional\proc\p18f2550.asm
                    PORTB   0x000f81       data     extern C:\MCC18\src\traditional\proc\p18f2550.asm
                PORTBbits   0x000f81       data     extern C:\MCC18\src\traditional\proc\p18f2550.asm
                    PORTC   0x000f82       data     extern C:\MCC18\src\traditional\proc\p18f2550.asm
                PORTCbits   0x000f82       data     extern C:\MCC18\src\traditional\proc\p18f2550.asm
                PORTEbits   0x000f84       data     extern C:\MCC18\src\traditional\proc\p18f2550.asm
                    PORTE   0x000f84       data     extern C:\MCC18\src\traditional\proc\p18f2550.asm
                 LATAbits   0x000f89       data     extern C:\MCC18\src\traditional\proc\p18f2550.asm
                     LATA   0x000f89       data     extern C:\MCC18\src\traditional\proc\p18f2550.asm
                 LATBbits   0x000f8a       data     extern C:\MCC18\src\traditional\proc\p18f2550.asm
                     LATB   0x000f8a       data     extern C:\MCC18\src\traditional\proc\p18f2550.asm
                     LATC   0x000f8b       data     extern C:\MCC18\src\traditional\proc\p18f2550.asm
                 LATCbits   0x000f8b       data     extern C:\MCC18\src\traditional\proc\p18f2550.asm
                    TRISA   0x000f92       data     extern C:\MCC18\src\traditional\proc\p18f2550.asm
                TRISAbits   0x000f92       data     extern C:\MCC18\src\traditional\proc\p18f2550.asm
                     DDRA   0x000f92       data     extern C:\MCC18\src\traditional\proc\p18f2550.asm
                 DDRAbits   0x000f92       data     extern C:\MCC18\src\traditional\proc\p18f2550.asm
                    TRISB   0x000f93       data     extern C:\MCC18\src\traditional\proc\p18f2550.asm
                TRISBbits   0x000f93       data     extern C:\MCC18\src\traditional\proc\p18f2550.asm
                     DDRB   0x000f93       data     extern C:\MCC18\src\traditional\proc\p18f2550.asm
                 DDRBbits   0x000f93       data     extern C:\MCC18\src\traditional\proc\p18f2550.asm
                    TRISC   0x000f94       data     extern C:\MCC18\src\traditional\proc\p18f2550.asm
                     DDRC   0x000f94       data     extern C:\MCC18\src\traditional\proc\p18f2550.asm
                 DDRCbits   0x000f94       data     extern C:\MCC18\src\traditional\proc\p18f2550.asm
                TRISCbits   0x000f94       data     extern C:\MCC18\src\traditional\proc\p18f2550.asm
                  OSCTUNE   0x000f9b       data     extern C:\MCC18\src\traditional\proc\p18f2550.asm
              OSCTUNEbits   0x000f9b       data     extern C:\MCC18\src\traditional\proc\p18f2550.asm
                     PIE1   0x000f9d       data     extern C:\MCC18\src\traditional\proc\p18f2550.asm
                 PIE1bits   0x000f9d       data     extern C:\MCC18\src\traditional\proc\p18f2550.asm
                     PIR1   0x000f9e       data     extern C:\MCC18\src\traditional\proc\p18f2550.asm
                 PIR1bits   0x000f9e       data     extern C:\MCC18\src\traditional\proc\p18f2550.asm
                 IPR1bits   0x000f9f       data     extern C:\MCC18\src\traditional\proc\p18f2550.asm
                     IPR1   0x000f9f       data     extern C:\MCC18\src\traditional\proc\p18f2550.asm
                 PIE2bits   0x000fa0       data     extern C:\MCC18\src\traditional\proc\p18f2550.asm
                     PIE2   0x000fa0       data     extern C:\MCC18\src\traditional\proc\p18f2550.asm
                 PIR2bits   0x000fa1       data     extern C:\MCC18\src\traditional\proc\p18f2550.asm
                     PIR2   0x000fa1       data     extern C:\MCC18\src\traditional\proc\p18f2550.asm
                     IPR2   0x000fa2       data     extern C:\MCC18\src\traditional\proc\p18f2550.asm
                 IPR2bits   0x000fa2       data     extern C:\MCC18\src\traditional\proc\p18f2550.asm
                   EECON1   0x000fa6       data     extern C:\MCC18\src\traditional\proc\p18f2550.asm
               EECON1bits   0x000fa6       data     extern C:\MCC18\src\traditional\proc\p18f2550.asm
                   EECON2   0x000fa7       data     extern C:\MCC18\src\traditional\proc\p18f2550.asm
                   EEDATA   0x000fa8       data     extern C:\MCC18\src\traditional\proc\p18f2550.asm
                    EEADR   0x000fa9       data     extern C:\MCC18\src\traditional\proc\p18f2550.asm
                    RCSTA   0x000fab       data     extern C:\MCC18\src\traditional\proc\p18f2550.asm
                RCSTAbits   0x000fab       data     extern C:\MCC18\src\traditional\proc\p18f2550.asm
                TXSTAbits   0x000fac       data     extern C:\MCC18\src\traditional\proc\p18f2550.asm
                    TXSTA   0x000fac       data     extern C:\MCC18\src\traditional\proc\p18f2550.asm
                    TXREG   0x000fad       data     extern C:\MCC18\src\traditional\proc\p18f2550.asm
                    RCREG   0x000fae       data     extern C:\MCC18\src\traditional\proc\p18f2550.asm
                    SPBRG   0x000faf       data     extern C:\MCC18\src\traditional\proc\p18f2550.asm
                   SPBRGH   0x000fb0       data     extern C:\MCC18\src\traditional\proc\p18f2550.asm
                T3CONbits   0x000fb1       data     extern C:\MCC18\src\traditional\proc\p18f2550.asm
                    T3CON   0x000fb1       data     extern C:\MCC18\src\traditional\proc\p18f2550.asm
                    TMR3L   0x000fb2       data     extern C:\MCC18\src\traditional\proc\p18f2550.asm
                    TMR3H   0x000fb3       data     extern C:\MCC18\src\traditional\proc\p18f2550.asm
                CMCONbits   0x000fb4       data     extern C:\MCC18\src\traditional\proc\p18f2550.asm
                    CMCON   0x000fb4       data     extern C:\MCC18\src\traditional\proc\p18f2550.asm
               CVRCONbits   0x000fb5       data     extern C:\MCC18\src\traditional\proc\p18f2550.asm
                   CVRCON   0x000fb5       data     extern C:\MCC18\src\traditional\proc\p18f2550.asm
               CCP1ASbits   0x000fb6       data     extern C:\MCC18\src\traditional\proc\p18f2550.asm
              ECCP1ASbits   0x000fb6       data     extern C:\MCC18\src\traditional\proc\p18f2550.asm
                   CCP1AS   0x000fb6       data     extern C:\MCC18\src\traditional\proc\p18f2550.asm
                  ECCP1AS   0x000fb6       data     extern C:\MCC18\src\traditional\proc\p18f2550.asm
                  CCP1DEL   0x000fb7       data     extern C:\MCC18\src\traditional\proc\p18f2550.asm
             ECCP1DELbits   0x000fb7       data     extern C:\MCC18\src\traditional\proc\p18f2550.asm
              CCP1DELbits   0x000fb7       data     extern C:\MCC18\src\traditional\proc\p18f2550.asm
                 ECCP1DEL   0x000fb7       data     extern C:\MCC18\src\traditional\proc\p18f2550.asm
              BAUDCONbits   0x000fb8       data     extern C:\MCC18\src\traditional\proc\p18f2550.asm
                  BAUDCON   0x000fb8       data     extern C:\MCC18\src\traditional\proc\p18f2550.asm
                  CCP2CON   0x000fba       data     extern C:\MCC18\src\traditional\proc\p18f2550.asm
              CCP2CONbits   0x000fba       data     extern C:\MCC18\src\traditional\proc\p18f2550.asm
                   CCPR2L   0x000fbb       data     extern C:\MCC18\src\traditional\proc\p18f2550.asm
                    CCPR2   0x000fbb       data     extern C:\MCC18\src\traditional\proc\p18f2550.asm
                   CCPR2H   0x000fbc       data     extern C:\MCC18\src\traditional\proc\p18f2550.asm
              CCP1CONbits   0x000fbd       data     extern C:\MCC18\src\traditional\proc\p18f2550.asm
                  CCP1CON   0x000fbd       data     extern C:\MCC18\src\traditional\proc\p18f2550.asm
                    CCPR1   0x000fbe       data     extern C:\MCC18\src\traditional\proc\p18f2550.asm
                   CCPR1L   0x000fbe       data     extern C:\MCC18\src\traditional\proc\p18f2550.asm
                   CCPR1H   0x000fbf       data     extern C:\MCC18\src\traditional\proc\p18f2550.asm
               ADCON2bits   0x000fc0       data     extern C:\MCC18\src\traditional\proc\p18f2550.asm
                   ADCON2   0x000fc0       data     extern C:\MCC18\src\traditional\proc\p18f2550.asm
               ADCON1bits   0x000fc1       data     extern C:\MCC18\src\traditional\proc\p18f2550.asm
                   ADCON1   0x000fc1       data     extern C:\MCC18\src\traditional\proc\p18f2550.asm
                   ADCON0   0x000fc2       data     extern C:\MCC18\src\traditional\proc\p18f2550.asm
               ADCON0bits   0x000fc2       data     extern C:\MCC18\src\traditional\proc\p18f2550.asm
                    ADRES   0x000fc3       data     extern C:\MCC18\src\traditional\proc\p18f2550.asm
                   ADRESL   0x000fc3       data     extern C:\MCC18\src\traditional\proc\p18f2550.asm
                   ADRESH   0x000fc4       data     extern C:\MCC18\src\traditional\proc\p18f2550.asm
              SSPCON2bits   0x000fc5       data     extern C:\MCC18\src\traditional\proc\p18f2550.asm
                  SSPCON2   0x000fc5       data     extern C:\MCC18\src\traditional\proc\p18f2550.asm
              SSPCON1bits   0x000fc6       data     extern C:\MCC18\src\traditional\proc\p18f2550.asm
                  SSPCON1   0x000fc6       data     extern C:\MCC18\src\traditional\proc\p18f2550.asm
              SSPSTATbits   0x000fc7       data     extern C:\MCC18\src\traditional\proc\p18f2550.asm
                  SSPSTAT   0x000fc7       data     extern C:\MCC18\src\traditional\proc\p18f2550.asm
                   SSPADD   0x000fc8       data     extern C:\MCC18\src\traditional\proc\p18f2550.asm
                   SSPBUF   0x000fc9       data     extern C:\MCC18\src\traditional\proc\p18f2550.asm
                T2CONbits   0x000fca       data     extern C:\MCC18\src\traditional\proc\p18f2550.asm
                    T2CON   0x000fca       data     extern C:\MCC18\src\traditional\proc\p18f2550.asm
                      PR2   0x000fcb       data     extern C:\MCC18\src\traditional\proc\p18f2550.asm
                     TMR2   0x000fcc       data     extern C:\MCC18\src\traditional\proc\p18f2550.asm
                T1CONbits   0x000fcd       data     extern C:\MCC18\src\traditional\proc\p18f2550.asm
                    T1CON   0x000fcd       data     extern C:\MCC18\src\traditional\proc\p18f2550.asm
                    TMR1L   0x000fce       data     extern C:\MCC18\src\traditional\proc\p18f2550.asm
                    TMR1H   0x000fcf       data     extern C:\MCC18\src\traditional\proc\p18f2550.asm
                     RCON   0x000fd0       data     extern C:\MCC18\src\traditional\proc\p18f2550.asm
                 RCONbits   0x000fd0       data     extern C:\MCC18\src\traditional\proc\p18f2550.asm
                   WDTCON   0x000fd1       data     extern C:\MCC18\src\traditional\proc\p18f2550.asm
               WDTCONbits   0x000fd1       data     extern C:\MCC18\src\traditional\proc\p18f2550.asm
                  HLVDCON   0x000fd2       data     extern C:\MCC18\src\traditional\proc\p18f2550.asm
              HLVDCONbits   0x000fd2       data     extern C:\MCC18\src\traditional\proc\p18f2550.asm
               LVDCONbits   0x000fd2       data     extern C:\MCC18\src\traditional\proc\p18f2550.asm
                   LVDCON   0x000fd2       data     extern C:\MCC18\src\traditional\proc\p18f2550.asm
               OSCCONbits   0x000fd3       data     extern C:\MCC18\src\traditional\proc\p18f2550.asm
                   OSCCON   0x000fd3       data     extern C:\MCC18\src\traditional\proc\p18f2550.asm
                    T0CON   0x000fd5       data     extern C:\MCC18\src\traditional\proc\p18f2550.asm
                T0CONbits   0x000fd5       data     extern C:\MCC18\src\traditional\proc\p18f2550.asm
                    TMR0L   0x000fd6       data     extern C:\MCC18\src\traditional\proc\p18f2550.asm
                    TMR0H   0x000fd7       data     extern C:\MCC18\src\traditional\proc\p18f2550.asm
                   STATUS   0x000fd8       data     extern C:\MCC18\src\traditional\proc\p18f2550.asm
               STATUSbits   0x000fd8       data     extern C:\MCC18\src\traditional\proc\p18f2550.asm
                     FSR2   0x000fd9       data     extern C:\MCC18\src\traditional\proc\p18f2550.asm
                    FSR2L   0x000fd9       data     extern C:\MCC18\src\traditional\proc\p18f2550.asm
                    FSR2H   0x000fda       data     extern C:\MCC18\src\traditional\proc\p18f2550.asm
                   PLUSW2   0x000fdb       data     extern C:\MCC18\src\traditional\proc\p18f2550.asm
                  PREINC2   0x000fdc       data     extern C:\MCC18\src\traditional\proc\p18f2550.asm
                 POSTDEC2   0x000fdd       data     extern C:\MCC18\src\traditional\proc\p18f2550.asm
                 POSTINC2   0x000fde       data     extern C:\MCC18\src\traditional\proc\p18f2550.asm
                    INDF2   0x000fdf       data     extern C:\MCC18\src\traditional\proc\p18f2550.asm
                      BSR   0x000fe0       data     extern C:\MCC18\src\traditional\proc\p18f2550.asm
                    FSR1L   0x000fe1       data     extern C:\MCC18\src\traditional\proc\p18f2550.asm
                     FSR1   0x000fe1       data     extern C:\MCC18\src\traditional\proc\p18f2550.asm
                    FSR1H   0x000fe2       data     extern C:\MCC18\src\traditional\proc\p18f2550.asm
                   PLUSW1   0x000fe3       data     extern C:\MCC18\src\traditional\proc\p18f2550.asm
                  PREINC1   0x000fe4       data     extern C:\MCC18\src\traditional\proc\p18f2550.asm
                 POSTDEC1   0x000fe5       data     extern C:\MCC18\src\traditional\proc\p18f2550.asm
                 POSTINC1   0x000fe6       data     extern C:\MCC18\src\traditional\proc\p18f2550.asm
                    INDF1   0x000fe7       data     extern C:\MCC18\src\traditional\proc\p18f2550.asm
                     WREG   0x000fe8       data     extern C:\MCC18\src\traditional\proc\p18f2550.asm
                     FSR0   0x000fe9       data     extern C:\MCC18\src\traditional\proc\p18f2550.asm
                    FSR0L   0x000fe9       data     extern C:\MCC18\src\traditional\proc\p18f2550.asm
                    FSR0H   0x000fea       data     extern C:\MCC18\src\traditional\proc\p18f2550.asm
                   PLUSW0   0x000feb       data     extern C:\MCC18\src\traditional\proc\p18f2550.asm
                  PREINC0   0x000fec       data     extern C:\MCC18\src\traditional\proc\p18f2550.asm
                 POSTDEC0   0x000fed       data     extern C:\MCC18\src\traditional\proc\p18f2550.asm
                 POSTINC0   0x000fee       data     extern C:\MCC18\src\traditional\proc\p18f2550.asm
                    INDF0   0x000fef       data     extern C:\MCC18\src\traditional\proc\p18f2550.asm
                  INTCON3   0x000ff0       data     extern C:\MCC18\src\traditional\proc\p18f2550.asm
              INTCON3bits   0x000ff0       data     extern C:\MCC18\src\traditional\proc\p18f2550.asm
              INTCON2bits   0x000ff1       data     extern C:\MCC18\src\traditional\proc\p18f2550.asm
                  INTCON2   0x000ff1       data     extern C:\MCC18\src\traditional\proc\p18f2550.asm
                   INTCON   0x000ff2       data     extern C:\MCC18\src\traditional\proc\p18f2550.asm
               INTCONbits   0x000ff2       data     extern C:\MCC18\src\traditional\proc\p18f2550.asm
                     PROD   0x000ff3       data     extern C:\MCC18\src\traditional\proc\p18f2550.asm
                    PRODL   0x000ff3       data     extern C:\MCC18\src\traditional\proc\p18f2550.asm
                    PRODH   0x000ff4       data     extern C:\MCC18\src\traditional\proc\p18f2550.asm
                   TABLAT   0x000ff5       data     extern C:\MCC18\src\traditional\proc\p18f2550.asm
                  TBLPTRL   0x000ff6       data     extern C:\MCC18\src\traditional\proc\p18f2550.asm
                   TBLPTR   0x000ff6       data     extern C:\MCC18\src\traditional\proc\p18f2550.asm
                  TBLPTRH   0x000ff7       data     extern C:\MCC18\src\traditional\proc\p18f2550.asm
                  TBLPTRU   0x000ff8       data     extern C:\MCC18\src\traditional\proc\p18f2550.asm
                       PC   0x000ff9       data     extern C:\MCC18\src\traditional\proc\p18f2550.asm
                      PCL   0x000ff9       data     extern C:\MCC18\src\traditional\proc\p18f2550.asm
                   PCLATH   0x000ffa       data     extern C:\MCC18\src\traditional\proc\p18f2550.asm
                   PCLATU   0x000ffb       data     extern C:\MCC18\src\traditional\proc\p18f2550.asm
               STKPTRbits   0x000ffc       data     extern C:\MCC18\src\traditional\proc\p18f2550.asm
                   STKPTR   0x000ffc       data     extern C:\MCC18\src\traditional\proc\p18f2550.asm
                      TOS   0x000ffd       data     extern C:\MCC18\src\traditional\proc\p18f2550.asm
                     TOSL   0x000ffd       data     extern C:\MCC18\src\traditional\proc\p18f2550.asm
                     TOSH   0x000ffe       data     extern C:\MCC18\src\traditional\proc\p18f2550.asm
                     TOSU   0x000fff       data     extern C:\MCC18\src\traditional\proc\p18f2550.asm


